
 Start  Stop   Length Name               Class

 00000H 067A4H 067A5H _TEXT              CODE
 067A6H 067A6H 00000H EXEC_TEXT          CODE
 067A6H 08C1EH 02479H IO_TEXT            CODE
 08C20H 08D45H 00126H FOSSIL_TEXT        CODE
 08D46H 0A3A2H 0165DH MISC_TEXT          CODE
 0A3A3H 0AEC7H 00B25H TIMER_TEXT         CODE
 0AEC8H 0B2D1H 0040AH FUZZY_TEXT         CODE
 0B2D2H 0C524H 01253H _OVRTEXT_          CODE
 0C525H 0CBFCH 006D8H PB_LIB_TEXT        CODE
 0CBFDH 0D3DDH 007E1H LANG_TEXT          CODE
 0D3DEH 0FCD4H 028F7H USER_TEXT          CODE
 0FCD5H 1120BH 01537H DATE_TEXT          CODE
 1120CH 11489H 0027EH DIRSCAN_TEXT       CODE
 1148AH 114C1H 00038H FIND_TEXT          CODE
 114C2H 1243FH 00F7EH DSTRING_TEXT       CODE
 12440H 125E0H 001A1H BITARRAY_TEXT      CODE
 125E1H 1265AH 0007AH SOUND_TEXT         CODE
 1265BH 1272EH 000D4H CRC16_TEXT         CODE
 1272FH 12873H 00145H CRC32_TEXT         CODE
 12874H 128DBH 00068H FORM_TEXT          CODE
 128DCH 129F5H 0011AH MSDOS_TEXT         CODE
 129F6H 12F14H 0051FH FNAME_TEXT         CODE
 12F15H 14246H 01332H FILE_TEXT          CODE
 14247H 1487EH 00638H INIVAR_TEXT        CODE
 1487FH 14F04H 00686H DIRFUNC_TEXT       CODE
 14F05H 15157H 00253H COPYFILE_TEXT      CODE
 15158H 152BAH 00163H INIT_TEXT          CODE
 152BBH 1540EH 00154H KEYBOARD_TEXT      CODE
 1540FH 158B4H 004A6H RECTANG_TEXT       CODE
 158B5H 17490H 01BDCH WINDOW_TEXT        CODE
 17492H 17942H 004B1H PWS_ASM_TEXT       CODE
 17943H 17B57H 00215H SAVEBUF_TEXT       CODE
 17B58H 17BE3H 0008CH TSW_ASM_TEXT       CODE
 17BF0H 17BF0H 00000H _FARDATA           FAR_DATA
 17BF0H 183BFH 007D0H PROBOARD5_DATA     FAR_DATA
 183C0H 183C0H 00000H _FARBSS            FAR_BSS
 183C0H 183C0H 00000H _OVERLAY_          OVRINFO
 183C0H 184C6H 00107H _OVRDATA_          OVRINFO
 184D0H 184EFH 00020H _STUB_             OVRINFO
 184F0H 184FFH 00010H _EXTSEG_           OVRINFO
 18500H 1850FH 00010H _EMSSEG_           OVRINFO
 18510H 1855FH 00050H _VDISKSEG_         OVRINFO
 18560H 18A37H 004D8H _EXEINFO_          OVRINFO
 18A40H 18A40H 00000H _1STUB_            STUBSEG
 18A40H 18A9BH 0005CH MENU_TEXT          STUBSEG
 18AA0H 18AC9H 0002AH CHAT_TEXT          STUBSEG
 18AD0H 18B12H 00043H SHELL_TEXT         STUBSEG
 18B20H 18B53H 00034H LOGIN_TEXT         STUBSEG
 18B60H 18B84H 00025H PBUSER_TEXT        STUBSEG
 18B90H 18BC3H 00034H READMSG_TEXT       STUBSEG
 18BD0H 18BF9H 0002AH MAILCHK_TEXT       STUBSEG
 18C00H 18C79H 0007AH MSG_TEXT           STUBSEG
 18C80H 18CA9H 0002AH ZIP_TEXT           STUBSEG
 18CB0H 18CDEH 0002FH WRITEMSG_TEXT      STUBSEG
 18CE0H 18D04H 00025H TOPS_TEXT          STUBSEG
 18D10H 18D34H 00025H FORWARD_TEXT       STUBSEG
 18D40H 18D64H 00025H REPLYMSG_TEXT      STUBSEG
 18D70H 18D94H 00025H TIMESTAT_TEXT      STUBSEG
 18DA0H 18DC4H 00025H MSGDEL_TEXT        STUBSEG
 18DD0H 18DF9H 0002AH COMBINED_TEXT      STUBSEG
 18E00H 18E24H 00025H QUESTION_TEXT      STUBSEG
 18E30H 18E54H 00025H AKA_TEXT           STUBSEG
 18E60H 18E84H 00025H QSCANMSG_TEXT      STUBSEG
 18E90H 18EB4H 00025H SHOWMSG_TEXT       STUBSEG
 18EC0H 18EE4H 00025H SCANMSG_TEXT       STUBSEG
 18EF0H 18F14H 00025H VERSION_TEXT       STUBSEG
 18F20H 18F44H 00025H RAWDIR_TEXT        STUBSEG
 18F50H 18FABH 0005CH MSGED_TEXT         STUBSEG
 18FB0H 190C4H 00115H DL_TEXT            STUBSEG
 190D0H 190FEH 0002FH VIEWFILE_TEXT      STUBSEG
 19100H 19124H 00025H LASTCALL_TEXT      STUBSEG
 19130H 1915EH 0002FH DESQVIEW_TEXT      STUBSEG
 19160H 1918EH 0002FH STACKING_TEXT      STUBSEG
 19190H 191BEH 0002FH CLEANUP_TEXT       STUBSEG
 191C0H 191E4H 00025H SYSOPKEY_TEXT      STUBSEG
 191F0H 1921EH 0002FH MSGFIND_TEXT       STUBSEG
 19220H 19249H 0002AH BINLOG_TEXT        STUBSEG
 19250H 1927EH 0002FH PROTOCOL_TEXT      STUBSEG
 19280H 19312H 00093H LISTFILE_TEXT      STUBSEG
 19320H 193B7H 00098H UL_TEXT            STUBSEG
 193C0H 193EEH 0002FH TAG_TEXT           STUBSEG
 193F0H 1941EH 0002FH SELLANG_TEXT       STUBSEG
 19420H 194C1H 000A2H PROBOARD_TEXT      STUBSEG
 194D0H 194F4H 00025H NODELIST_TEXT      STUBSEG
 19500H 19547H 00048H ONLINE_TEXT        STUBSEG
 19550H 19574H 00025H MSGMOVE_TEXT       STUBSEG
 19580H 195AEH 0002FH CDROM_TEXT         STUBSEG
 195B0H 195F2H 00043H REGIS_TEXT         STUBSEG
 19600H 19651H 00052H MCHAT_TEXT         STUBSEG
 19660H 19693H 00034H SETAREA_TEXT       STUBSEG
 196A0H 196C9H 0002AH USERED_TEXT        STUBSEG
 196D0H 196F4H 00025H DECKEY_TEXT        STUBSEG
 19700H 19724H 00025H MUSIC_TEXT         STUBSEG
 19730H 19754H 00025H GIF_TEXT           STUBSEG
 19760H 1978EH 0002FH MSGEXPRT_TEXT      STUBSEG
 19790H 197C8H 00039H HELP_TEXT          STUBSEG
 197D0H 19803H 00034H EGA_TEXT           STUBSEG
 19810H 19839H 0002AH EVENT_TEXT         STUBSEG
 19840H 19882H 00043H FILEAREA_TEXT      STUBSEG
 19890H 198D2H 00043H MSGAREA_TEXT       STUBSEG
 198E0H 19909H 0002AH TIMELOG_TEXT       STUBSEG
 19910H 19934H 00025H WORDWRAP_TEXT      STUBSEG
 19940H 19973H 00034H SHOWANS_TEXT       STUBSEG
 19980H 19A0DH 0008EH USERSET_TEXT       STUBSEG
 19A10H 19A43H 00034H USAGE_TEXT         STUBSEG
 19A50H 19EFCH 004ADH LOADPEX_TEXT       STUBSEG
 19F00H 19F24H 00025H IMAGE_TEXT         STUBSEG
 19F30H 19F59H 0002AH POSTMSG_TEXT       STUBSEG
 19F60H 19F84H 00025H PEXCALL_TEXT       STUBSEG
 19F90H 19FB4H 00025H STRVARS_TEXT       STUBSEG
 19FC0H 19FEEH 0002FH USERWIN_TEXT       STUBSEG
 19FF0H 1A014H 00025H BULLETIN_TEXT      STUBSEG
 1A020H 1A058H 00039H MODEM_TEXT         STUBSEG
 1A060H 1A084H 00025H EXECHECK_TEXT      STUBSEG
 1A090H 1A0CDH 0003EH LANGUAGE_TEXT      STUBSEG
 1A0D0H 1A0F9H 0002AH FUZZY_TEXT         STUBSEG
 1A100H 1A133H 00034H TERMINAL_TEXT      STUBSEG
 1A140H 1A1AFH 00070H SQUISH_TEXT        STUBSEG
 1A1B0H 1A25BH 000ACH HUDSON_TEXT        STUBSEG
 1A260H 1A2ACH 0004DH MSGBASE_TEXT       STUBSEG
 1A2B0H 1A2FCH 0004DH MARK_TEXT          STUBSEG
 1A300H 1A3A1H 000A2H RIP_TEXT           STUBSEG
 1A3B0H 1A456H 000A7H JAM_TEXT           STUBSEG
 1A460H 1A484H 00025H INPDATE_TEXT       STUBSEG
 1A490H 1A4B9H 0002AH TAG_RW_TEXT        STUBSEG
 1A4C0H 1A4E4H 00025H 1STCHAR_TEXT       STUBSEG
 1A4F0H 1A550H 00061H MSGAPI_TEXT        STUBSEG
 1A560H 1A5F2H 00093H API_SDM_TEXT       STUBSEG
 1A600H 1A6BFH 000C0H API_SQ_TEXT        STUBSEG
 1A6C0H 1A6EEH 0002FH SQASM_TEXT         STUBSEG
 1A6F0H 1A71EH 0002FH CVTDATE_TEXT       STUBSEG
 1A720H 1A744H 00025H DATE2BIN_TEXT      STUBSEG
 1A750H 1A774H 00025H DOSDATE_TEXT       STUBSEG
 1A780H 1A7AEH 0002FH FEXIST_TEXT        STUBSEG
 1A7B0H 1A7E3H 00034H FFIND_TEXT         STUBSEG
 1A7F0H 1A814H 00025H FLUSHA_TEXT        STUBSEG
 1A820H 1A83FH 00020H MONTHS_TEXT        STUBSEG
 1A840H 1A869H 0002AH PARSENN_TEXT       STUBSEG
 1A870H 1A899H 0002AH QKSORT_TEXT        STUBSEG
 1A8A0H 1A8C4H 00025H STRISTR_TEXT       STUBSEG
 1A8D0H 1A8F4H 00025H STROCPY_TEXT       STUBSEG
 1A900H 1A929H 0002AH TRAIL_TEXT         STUBSEG
 1A930H 21BE1H 072B2H _DATA              DATA
 21BE2H 21BE3H 00002H _CVTSEG            DATA
 21BE4H 21BE9H 00006H _SCNSEG            DATA
 21BEAH 21BEAH 00000H _CONST             CONST
 21BEAH 21C5BH 00072H _INIT_             INITDATA
 21C5CH 21C5CH 00000H _INITEND_          INITDATA
 21C5CH 21CBBH 00060H _EXIT_             EXITDATA
 21CBCH 21CBCH 00000H _EXITEND_          EXITDATA
 21CBCH 25B6FH 03EB4H _BSS               BSS
 25B70H 25B70H 00000H _BSSEND            BSSEND
 25B70H 25BEFH 00080H _STACK             STACK
 25C00H 27967H 01D68H MENU_TEXT          :OVY
 27AF0H 28333H 00844H CHAT_TEXT          :OVY
 28410H 2A89DH 0248EH SHELL_TEXT         :OVY
 2AB80H 2CDC0H 02241H LOGIN_TEXT         :OVY
 2D100H 2D35EH 0025FH PBUSER_TEXT        :OVY
 2D390H 2FE08H 02A79H READMSG_TEXT       :OVY
 30100H 309CEH 008CFH MAILCHK_TEXT       :OVY
 30A90H 31D17H 01288H MSG_TEXT           :OVY
 31E00H 3297BH 00B7CH ZIP_TEXT           :OVY
 32A40H 33FAAH 0156BH WRITEMSG_TEXT      :OVY
 34170H 345D8H 00469H TOPS_TEXT          :OVY
 34620H 34B00H 004E1H FORWARD_TEXT       :OVY
 34B70H 35C22H 010B3H REPLYMSG_TEXT      :OVY
 35D30H 362F6H 005C7H TIMESTAT_TEXT      :OVY
 363A0H 3640FH 00070H MSGDEL_TEXT        :OVY
 36420H 36983H 00564H COMBINED_TEXT      :OVY
 36A00H 37318H 00919H QUESTION_TEXT      :OVY
 373B0H 374B4H 00105H AKA_TEXT           :OVY
 374D0H 38517H 01048H QSCANMSG_TEXT      :OVY
 38630H 39879H 0124AH SHOWMSG_TEXT       :OVY
 399E0H 3AA72H 01093H SCANMSG_TEXT       :OVY
 3AB90H 3AD76H 001E7H VERSION_TEXT       :OVY
 3ADC0H 3B00FH 00250H RAWDIR_TEXT        :OVY
 3B050H 3C233H 011E4H MSGED_TEXT         :OVY
 3C380H 408B6H 04537H DL_TEXT            :OVY
 40D40H 40E67H 00128H VIEWFILE_TEXT      :OVY
 40E90H 40EEFH 00060H LASTCALL_TEXT      :OVY
 40F00H 40F33H 00034H DESQVIEW_TEXT      :OVY
 40F40H 40FF2H 000B3H STACKING_TEXT      :OVY
 41000H 4148AH 0048BH CLEANUP_TEXT       :OVY
 41500H 41A2EH 0052FH SYSOPKEY_TEXT      :OVY
 41AA0H 41CFDH 0025EH MSGFIND_TEXT       :OVY
 41D10H 42035H 00326H BINLOG_TEXT        :OVY
 42080H 424CDH 0044EH PROTOCOL_TEXT      :OVY
 42530H 45573H 03044H LISTFILE_TEXT      :OVY
 458B0H 4833DH 02A8EH UL_TEXT            :OVY
 486B0H 48A53H 003A4H TAG_TEXT           :OVY
 48AC0H 48FB5H 004F6H SELLANG_TEXT       :OVY
 49030H 4AB5DH 01B2EH PROBOARD_TEXT      :OVY
 4ADC0H 4B733H 00974H NODELIST_TEXT      :OVY
 4B7C0H 4BF9DH 007DEH ONLINE_TEXT        :OVY
 4C030H 4C204H 001D5H MSGMOVE_TEXT       :OVY
 4C230H 4C889H 0065AH CDROM_TEXT         :OVY
 4C940H 4D478H 00B39H REGIS_TEXT         :OVY
 4D4C0H 4E01CH 00B5DH MCHAT_TEXT         :OVY
 4E110H 4F4FDH 013EEH SETAREA_TEXT       :OVY
 4F680H 4FA44H 003C5H USERED_TEXT        :OVY
 4FA90H 4FF9EH 0050FH DECKEY_TEXT        :OVY
 4FFB0H 503ABH 003FCH MUSIC_TEXT         :OVY
 50400H 507DEH 003DFH GIF_TEXT           :OVY
 50840H 514A6H 00C67H MSGEXPRT_TEXT      :OVY
 51570H 51921H 003B2H HELP_TEXT          :OVY
 51960H 51995H 00036H EGA_TEXT           :OVY
 519A0H 51C04H 00265H EVENT_TEXT         :OVY
 51C30H 5241FH 007F0H FILEAREA_TEXT      :OVY
 52490H 52B7BH 006ECH MSGAREA_TEXT       :OVY
 52BC0H 52EFBH 0033CH TIMELOG_TEXT       :OVY
 52F40H 52FFDH 000BEH WORDWRAP_TEXT      :OVY
 53010H 53244H 00235H SHOWANS_TEXT       :OVY
 53270H 551CBH 01F5CH USERSET_TEXT       :OVY
 553E0H 5549FH 000C0H USAGE_TEXT         :OVY
 554B0H 59989H 044DAH LOADPEX_TEXT       :OVY
 59E50H 59F68H 00119H IMAGE_TEXT         :OVY
 59F80H 5A206H 00287H POSTMSG_TEXT       :OVY
 5A240H 5A267H 00028H PEXCALL_TEXT       :OVY
 5A270H 5AD71H 00B02H STRVARS_TEXT       :OVY
 5AE10H 5B3FEH 005EFH USERWIN_TEXT       :OVY
 5B480H 5B642H 001C3H BULLETIN_TEXT      :OVY
 5B670H 5D60EH 01F9FH MODEM_TEXT         :OVY
 5D830H 5D834H 00005H EXECHECK_TEXT      :OVY
 5D840H 5E05CH 0081DH LANGUAGE_TEXT      :OVY
 5E0E0H 5E4E8H 00409H FUZZY_TEXT         :OVY
 5E500H 5E7B9H 002BAH TERMINAL_TEXT      :OVY
 5E7F0H 60C07H 02418H SQUISH_TEXT        :OVY
 60D30H 63717H 029E8H HUDSON_TEXT        :OVY
 63980H 63C9CH 0031DH MSGBASE_TEXT       :OVY
 63CB0H 64411H 00762H MARK_TEXT          :OVY
 64450H 654E8H 01099H RIP_TEXT           :OVY
 65600H 67F20H 02921H JAM_TEXT           :OVY
 680B0H 68297H 001E8H INPDATE_TEXT       :OVY
 682C0H 68611H 00352H TAG_RW_TEXT        :OVY
 68660H 687CBH 0016CH 1STCHAR_TEXT       :OVY
 687E0H 68F41H 00762H MSGAPI_TEXT        :OVY
 68FA0H 6AC3AH 01C9BH API_SDM_TEXT       :OVY
 6AD40H 6E2B0H 03571H API_SQ_TEXT        :OVY
 6E410H 6E45BH 0004CH SQASM_TEXT         :OVY
 6E470H 6E66CH 001FDH CVTDATE_TEXT       :OVY
 6E680H 6E8C7H 00248H DATE2BIN_TEXT      :OVY
 6E8E0H 6E91DH 0003EH DOSDATE_TEXT       :OVY
 6E930H 6EABFH 00190H FEXIST_TEXT        :OVY
 6EAE0H 6EB89H 000AAH FFIND_TEXT         :OVY
 6EBA0H 6EBB5H 00016H FLUSHA_TEXT        :OVY
 6EBC0H 6EBC0H 00000H MONTHS_TEXT        :OVY
 6EBD0H 6EED0H 00301H PARSENN_TEXT       :OVY
 6EF00H 6F024H 00125H QKSORT_TEXT        :OVY
 6F030H 6F13CH 0010DH STRISTR_TEXT       :OVY
 6F150H 6F18CH 0003DH STROCPY_TEXT       :OVY
 6F1A0H 6F237H 00098H TRAIL_TEXT         :OVY

Program entry point at 0000:0000

